// Jest Snapshot v1, https://goo.gl/fbAQLP

exports[`findTreeSelect basic 1`] = `
[
  {
    "children": [
      {
        "children": [
          {
            "code": "trade-1-1",
            "id": "4",
            "name": "交易查询-查询操作",
            "pid": "3",
          },
        ],
        "code": "trade-1",
        "id": "3",
        "name": "交易查询",
        "pid": "2",
      },
    ],
    "code": "trade",
    "id": "2",
    "name": "交易管理",
    "pid": null,
  },
]
`;

exports[`findTreeSelect basic 2`] = `
[
  {
    "children": [
      {
        "code": "authorization-1",
        "id": "6",
        "name": "角色管理",
        "pid": "5",
      },
      {
        "code": "authorization-2",
        "id": "7",
        "name": "用户管理",
        "pid": "5",
      },
    ],
    "code": "authorization",
    "id": "5",
    "name": "权限管理",
    "pid": null,
  },
  {
    "code": "authorization-2",
    "id": "7",
    "name": "用户管理",
    "pid": "5",
  },
]
`;
